ffmpeg version N-122452-gf897bcd122-20260113 Copyright (c) 2000-2026 the FFmpeg developers
  built with gcc 15.2.0 (crosstool-NG 1.28.0.1_403899e)
  configuration: --prefix=/ffbuild/prefix --pkg-config-flags=--static --pkg-config=pkg-config --cross-prefix=x86_64-w64-mingw32- --arch=x86_64 --target-os=mingw32 --enable-version3 --disable-debug --disable-w32threads --enable-pthreads --enable-iconv --enable-zlib --enable-libxml2 --enable-libvmaf --enable-fontconfig --enable-libharfbuzz --enable-libfreetype --enable-libfribidi --enable-vulkan --enable-libshaderc --enable-libvorbis --disable-libxcb --disable-xlib --disable-libpulse --enable-opencl --enable-gmp --enable-lzma --enable-liblcevc-dec --enable-amf --enable-libaom --enable-libaribb24 --disable-avisynth --enable-chromaprint --enable-libdav1d --disable-libdavs2 --disable-libdvdread --disable-libdvdnav --disable-libfdk-aac --enable-ffnvcodec --enable-cuda-llvm --disable-frei0r --enable-libgme --enable-libkvazaar --enable-libaribcaption --enable-libass --enable-libbluray --enable-libjxl --enable-libmp3lame --enable-libopus --enable-libplacebo --enable-librist --enable-libssh --enable-libtheora --enable-libvpx --enable-libwebp --enable-libzmq --enable-lv2 --enable-libvpl --enable-openal --enable-liboapv --enable-libopencore-amrnb --enable-libopencore-amrwb --enable-libopenh264 --enable-libopenjpeg --enable-libopenmpt --enable-librav1e --disable-librubberband --enable-schannel --enable-sdl2 --enable-libsnappy --enable-libsoxr --enable-libsrt --enable-libsvtav1 --enable-libtwolame --enable-libuavs3d --disable-libdrm --enable-vaapi --disable-libvidstab --enable-libvvenc --enable-whisper --disable-libx264 --disable-libx265 --disable-libxavs2 --disable-libxvid --enable-libzimg --enable-libzvbi --extra-cflags=-DLIBTWOLAME_STATIC --extra-cxxflags= --extra-libs=-lgomp --extra-ldflags=-pthread --extra-ldexeflags= --cc=x86_64-w64-mingw32-gcc --cxx=x86_64-w64-mingw32-g++ --ar=x86_64-w64-mingw32-gcc-ar --ranlib=x86_64-w64-mingw32-gcc-ranlib --nm=x86_64-w64-mingw32-gcc-nm --extra-version=20260113
  libavutil      60. 23.100 / 60. 23.100
  libavcodec     62. 23.102 / 62. 23.102
  libavformat    62.  8.102 / 62.  8.102
  libavdevice    62.  2.100 / 62.  2.100
  libavfilter    11. 10.101 / 11. 10.101
  libswscale      9.  3.100 /  9.  3.100
  libswresample   6.  2.100 /  6.  2.100
Input #0, mov,mp4,m4a,3gp,3g2,mj2, from 'C:\Users\user\AppData\Local\Temp\baeframe-ux-20260906\review-A-3s.mp4':
  Metadata:
    major_brand     : isom
    minor_version   : 512
    compatible_brands: isomiso2avc1mp41
    encoder         : Lavf62.8.102
  Duration: 00:00:03.00, start: 0.000000, bitrate: 1986 kb/s
  Stream #0:0[0x1](und): Video: h264 (Constrained Baseline) (avc1 / 0x31637661), yuv420p(progressive), 1280x720 [SAR 1:1 DAR 16:9], 1983 kb/s, 24 fps, 24 tbr, 12288 tbn (default)
    Metadata:
      handler_name    : VideoHandler
      encoder         : Lavc62.23.102 libopenh264
Stream mapping:
  Stream #0:0 -> #0:0 (h264 (native) -> mjpeg (native))
Press [q] to stop, [?] for help
Output #0, image2, to 'C:\Users\user\AppData\Local\Temp\baeframe-ux-20260906-playback-recent-thumb-control.jpg.tmp':
  Metadata:
    major_brand     : isom
    minor_version   : 512
    compatible_brands: isomiso2avc1mp41
    encoder         : Lavf62.8.102
  Stream #0:0(und): Video: mjpeg, yuv420p(pc, progressive), 320x180 [SAR 1:1 DAR 16:9], q=2-31, 200 kb/s, 24 fps, 24 tbn (default)
    Metadata:
      encoder         : Lavc62.23.102 mjpeg
      handler_name    : VideoHandler
    Side data:
      CPB properties: bitrate max/min/avg: 0/0/200000 buffer size: 0 vbv_delay: N/A
[image2 @ 0000028d24069040] The specified filename 'C:\Users\user\AppData\Local\Temp\baeframe-ux-20260906-playback-recent-thumb-control.jpg.tmp' does not contain an image sequence pattern or a pattern is invalid.
[image2 @ 0000028d24069040] Use a pattern such as %03d for an image sequence or use the -update option (with -frames:v 1 if needed) to write a single image.
[out#0/image2 @ 0000028d2401f540] video:6KiB audio:0KiB subtitle:0KiB other streams:0KiB global headers:0KiB muxing overhead: unknown
frame=    1 fps=0.0 q=4.0 Lsize=N/A time=00:00:00.04 bitrate=N/A speed=1.04x elapsed=0:00:00.04    

AuditResult: FFmpegExitCode=0; OutputExists=True; only control difference: -f image2
