
> baeframe@2.9.0-beta test:collaboration
> node --test scripts/tests/collaboration-cursors-source.test.js

TAP version 13
# Subtest: remote cursor visibility is a local user setting
ok 1 - remote cursor visibility is a local user setting
  ---
  duration_ms: 1.1014
  type: 'test'
  ...
# Subtest: collaboration popup exposes an action for other collaborators cursors
ok 2 - collaboration popup exposes an action for other collaborators cursors
  ---
  duration_ms: 1.3941
  type: 'test'
  ...
# Subtest: remote cursor renderer clears cursors when the setting is off
ok 3 - remote cursor renderer clears cursors when the setting is off
  ---
  duration_ms: 1.1766
  type: 'test'
  ...
# Subtest: remote cursor labels are built as text before mpv mirroring
ok 4 - remote cursor labels are built as text before mpv mirroring
  ---
  duration_ms: 0.8024
  type: 'test'
  ...
# Subtest: collaborator avatars are built with text-only DOM operations
ok 5 - collaborator avatars are built with text-only DOM operations
  ---
  duration_ms: 0.4253
  type: 'test'
  ...
# Subtest: others 구독은 Storage 로드 대기보다 먼저 설치되고 접속 후 초기 스냅샷을 보상 발행한다
ok 6 - others 구독은 Storage 로드 대기보다 먼저 설치되고 접속 후 초기 스냅샷을 보상 발행한다
  ---
  duration_ms: 0.1323
  type: 'test'
  ...
# Subtest: collaboratorsChanged 발행 경로는 하나이며 연결 복구 시에도 재푸시된다
ok 7 - collaboratorsChanged 발행 경로는 하나이며 연결 복구 시에도 재푸시된다
  ---
  duration_ms: 0.24
  type: 'test'
  ...
# Subtest: 협업 세션 기준값은 Room 접속 전에 초기화되고 초기 스냅샷이 UI에 반영된다
ok 8 - 협업 세션 기준값은 Room 접속 전에 초기화되고 초기 스냅샷이 UI에 반영된다
  ---
  duration_ms: 0.5056
  type: 'test'
  ...
1..8
# tests 8
# suites 0
# pass 8
# fail 0
# cancelled 0
# skipped 0
# todo 0
# duration_ms 96.5613
